// Jest Snapshot v1, https://goo.gl/fbAQLP

exports[`Make claim Page should match snapshot 1`] = `
<div>
  <div>
    <header>
      Layout Header
    </header>
    <div>
      <header>
        Success Component
      </header>
    </div>
  </div>
</div>
`;
