// Jest Snapshot v1, https://goo.gl/fbAQLP

exports[`Not Found Page should match snapshot 1`] = `
<div>
  <div>
    not found component
  </div>
</div>
`;
