// Jest Snapshot v1, https://goo.gl/fbAQLP

exports[`with MemberProfile Provider should match snapshot 1`] = `
<div>
  <div>
    Test Component 
  </div>
</div>
`;
