// Jest Snapshot v1, https://goo.gl/fbAQLP

exports[`Me Index Page should match snapshot 1`] = `
<div>
  <div>
    <header>
      Layout Header
    </header>
    <div
      class="MuiBox-root MuiBox-root-2"
    >
      <div
        class="MuiGrid-root MuiGrid-container"
      />
    </div>
  </div>
</div>
`;
