// Jest Snapshot v1, https://goo.gl/fbAQLP

exports[`Error should match snapshot 1`] = `
Object {
  "asFragment": [Function],
  "baseElement": <body>
    <div>
      <div
        class="MuiBox-root MuiBox-root-6 Error-main-1"
      >
        <div
          class="MuiBox-root MuiBox-root-7 Error-grid-4"
        >
          <div
            class="MuiBox-root MuiBox-root-8 Error-content-2"
          >
            <div
              class="MuiGrid-root MuiGrid-container MuiGrid-spacing-xs-2 MuiGrid-align-items-xs-center MuiGrid-justify-xs-center"
            >
              <div
                class="MuiGrid-root MuiGrid-item MuiGrid-grid-xs-8"
              >
                <img
                  alt="error background"
                  class="Error-image-3"
                  src="/static/error.svg"
                />
              </div>
              <div
                class="MuiGrid-root MuiGrid-item MuiGrid-grid-xs-12"
              >
                <div
                  class="MuiBox-root MuiBox-root-98"
                >
                  <div
                    type="style-1"
                  >
                    Something went wrong
                  </div>
                </div>
                <div
                  class="MuiBox-root MuiBox-root-99"
                >
                  <div
                    type="style-6"
                  >
                    Please try again later.
                  </div>
                </div>
                <div>
                  <button
                    class="MuiButtonBase-root MuiButton-root MuiButton-contained MuiButton-containedPrimary"
                    data-testid="btn-back-to-previous-page"
                    tabindex="0"
                    type="button"
                  >
                    <span
                      class="MuiButton-label"
                    >
                      Go back
                    </span>
                    <span
                      class="MuiTouchRipple-root"
                    />
                  </button>
                  <button
                    class="MuiButtonBase-root MuiButton-root MuiButton-outlined MuiButton-outlinedSecondary"
                    data-testid="btn-back-to-home-page"
                    tabindex="0"
                    type="button"
                  >
                    <span
                      class="MuiButton-label"
                    >
                      Go to homepage
                    </span>
                    <span
                      class="MuiTouchRipple-root"
                    />
                  </button>
                </div>
              </div>
            </div>
          </div>
        </div>
      </div>
    </div>
  </body>,
  "container": <div>
    <div
      class="MuiBox-root MuiBox-root-6 Error-main-1"
    >
      <div
        class="MuiBox-root MuiBox-root-7 Error-grid-4"
      >
        <div
          class="MuiBox-root MuiBox-root-8 Error-content-2"
        >
          <div
            class="MuiGrid-root MuiGrid-container MuiGrid-spacing-xs-2 MuiGrid-align-items-xs-center MuiGrid-justify-xs-center"
          >
            <div
              class="MuiGrid-root MuiGrid-item MuiGrid-grid-xs-8"
            >
              <img
                alt="error background"
                class="Error-image-3"
                src="/static/error.svg"
              />
            </div>
            <div
              class="MuiGrid-root MuiGrid-item MuiGrid-grid-xs-12"
            >
              <div
                class="MuiBox-root MuiBox-root-98"
              >
                <div
                  type="style-1"
                >
                  Something went wrong
                </div>
              </div>
              <div
                class="MuiBox-root MuiBox-root-99"
              >
                <div
                  type="style-6"
                >
                  Please try again later.
                </div>
              </div>
              <div>
                <button
                  class="MuiButtonBase-root MuiButton-root MuiButton-contained MuiButton-containedPrimary"
                  data-testid="btn-back-to-previous-page"
                  tabindex="0"
                  type="button"
                >
                  <span
                    class="MuiButton-label"
                  >
                    Go back
                  </span>
                  <span
                    class="MuiTouchRipple-root"
                  />
                </button>
                <button
                  class="MuiButtonBase-root MuiButton-root MuiButton-outlined MuiButton-outlinedSecondary"
                  data-testid="btn-back-to-home-page"
                  tabindex="0"
                  type="button"
                >
                  <span
                    class="MuiButton-label"
                  >
                    Go to homepage
                  </span>
                  <span
                    class="MuiTouchRipple-root"
                  />
                </button>
              </div>
            </div>
          </div>
        </div>
      </div>
    </div>
  </div>,
  "debug": [Function],
  "findAllByAltText": [Function],
  "findAllByDisplayValue": [Function],
  "findAllByLabelText": [Function],
  "findAllByPlaceholderText": [Function],
  "findAllByRole": [Function],
  "findAllByTestId": [Function],
  "findAllByText": [Function],
  "findAllByTitle": [Function],
  "findByAltText": [Function],
  "findByDisplayValue": [Function],
  "findByLabelText": [Function],
  "findByPlaceholderText": [Function],
  "findByRole": [Function],
  "findByTestId": [Function],
  "findByText": [Function],
  "findByTitle": [Function],
  "getAllByAltText": [Function],
  "getAllByDisplayValue": [Function],
  "getAllByLabelText": [Function],
  "getAllByPlaceholderText": [Function],
  "getAllByRole": [Function],
  "getAllByTestId": [Function],
  "getAllByText": [Function],
  "getAllByTitle": [Function],
  "getByAltText": [Function],
  "getByDisplayValue": [Function],
  "getByLabelText": [Function],
  "getByPlaceholderText": [Function],
  "getByRole": [Function],
  "getByTestId": [Function],
  "getByText": [Function],
  "getByTitle": [Function],
  "queryAllByAltText": [Function],
  "queryAllByDisplayValue": [Function],
  "queryAllByLabelText": [Function],
  "queryAllByPlaceholderText": [Function],
  "queryAllByRole": [Function],
  "queryAllByTestId": [Function],
  "queryAllByText": [Function],
  "queryAllByTitle": [Function],
  "queryByAltText": [Function],
  "queryByDisplayValue": [Function],
  "queryByLabelText": [Function],
  "queryByPlaceholderText": [Function],
  "queryByRole": [Function],
  "queryByTestId": [Function],
  "queryByText": [Function],
  "queryByTitle": [Function],
  "rerender": [Function],
  "unmount": [Function],
}
`;
