// Jest Snapshot v1, https://goo.gl/fbAQLP

exports[`CustomMapControl component should render the external component 1`] = `
<div>
  <div />
</div>
`;
