// Jest Snapshot v1, https://goo.gl/fbAQLP

exports[`PoweredBy UI Component should match snapshot 1`] = `
<div>
  <div
    class="MuiBox-root MuiBox-root-2"
  >
    <div
      class="MuiBox-root MuiBox-root-3"
    >
      <div
        type="style-8"
      >
        Typography Component
      </div>
    </div>
    <img
      alt="logo"
      src="/static/powered-logo.svg"
    />
  </div>
</div>
`;
