// Jest Snapshot v1, https://goo.gl/fbAQLP

exports[`InviteDependentComponent should match the snapshot 1`] = `
<div>
  <div
    class="MuiBox-root MuiBox-root-3"
  >
    <div
      class="MuiBox-root MuiBox-root-6"
    >
      <button
        class="makeStyles-backBtn-4 makeStyles-backBtn-5"
        data-testid="btn-back-mydetails-inviteDependent"
        type="button"
      >
        &lt; My details
      </button>
    </div>
    <div
      class="MuiPaper-root MuiPaper-elevation1 MuiCard-root MuiPaper-rounded"
    >
      <div
        class="MuiCardContent-root"
      >
        <div
          class="MuiBox-root MuiBox-root-36"
        >
          <div>
            <span>
              Grid Component
            </span>
            <div>
              <div
                data-md="3"
              >
                <span>
                  GridItem Component
                </span>
                <div>
                  <div
                    class="MuiBox-root MuiBox-root-37"
                  >
                    <img
                      alt="background"
                      src="/static/invite_dependent.svg"
                    />
                  </div>
                </div>
              </div>
              <div
                data-md="5"
                data-sm="10"
                data-xs="12"
              >
                <span>
                  GridItem Component
                </span>
                <div>
                  <div
                    class="PrivateHiddenCss-smUp-42"
                  >
                    <div
                      class="MuiBox-root MuiBox-root-53"
                    >
                      <div
                        type="style-2"
                      >
                        Typography Component
                      </div>
                    </div>
                  </div>
                  <div
                    class="PrivateHiddenCss-smDown-43"
                  >
                    <div
                      class="MuiBox-root MuiBox-root-54"
                    >
                      <div
                        type="style-1"
                      >
                        Typography Component
                      </div>
                    </div>
                  </div>
                  <div
                    class="MuiBox-root MuiBox-root-55"
                  >
                    <div
                      type="style-6"
                    >
                      Typography Component
                    </div>
                  </div>
                  <div
                    class="MuiBox-root MuiBox-root-56"
                  >
                    <div
                      type="style-6"
                    >
                      Typography Component
                    </div>
                  </div>
                  <div
                    class="MuiBox-root MuiBox-root-57"
                  >
                    <form
                      autocomplete="off"
                    >
                      <div
                        class="MuiBox-root MuiBox-root-58"
                      >
                        <span>
                          <div
                            class="MuiFormControl-root MuiFormControl-fullWidth"
                            data-testid="dependent-invite-dateofbirth"
                          >
                            <label
                              class="MuiFormLabel-root MuiInputLabel-root MuiInputLabel-formControl MuiInputLabel-animated MuiInputLabel-outlined"
                              data-shrink="false"
                              for="input-dateOfBirth"
                            >
                              Date of birth
                            </label>
                            <div
                              class="MuiInputBase-root MuiOutlinedInput-root MuiInputBase-formControl MuiInputBase-adornedEnd MuiOutlinedInput-adornedEnd"
                              label="Date of birth"
                            >
                              <input
                                aria-describedby="helptext-dateOfBirth"
                                aria-invalid="false"
                                class="MuiInputBase-input MuiOutlinedInput-input MuiInputBase-inputAdornedEnd MuiOutlinedInput-inputAdornedEnd"
                                disabled="disabled"
                                id="input-dateOfBirth"
                                name="dateOfBirth"
                                type="text"
                                value=""
                              />
                              <div
                                class="MuiInputAdornment-root MuiInputAdornment-positionEnd"
                              >
                                <button
                                  aria-describedby="helptext-dateOfBirth"
                                  class="MuiButtonBase-root MuiIconButton-root"
                                  tabindex="0"
                                  type="button"
                                >
                                  <span
                                    class="MuiIconButton-label"
                                  >
                                    <svg
                                      aria-hidden="true"
                                      class="MuiSvgIcon-root"
                                      focusable="false"
                                      role="presentation"
                                      style="width: 1.125rem; height: 1.125rem;"
                                      viewBox="0 0 24 24"
                                    >
                                      <path
                                        d="M20 1.33333V0H18.4V1.33333H5.6V0H4V1.33333H0V24H18.9333L24 18.9333V1.33333H20ZM18.9333 21.7373V18.9333H21.7373L18.9333 21.7373ZM22.4 17.3333H17.3333V22.4H1.6V8H22.4V17.3333ZM22.4 6.4H1.6V2.93333H4V4.66667H5.6V2.93333H18.4V4.66667H20V2.93333H22.4V6.4ZM11.7333 13.372V20H13.3333V10.628L9.33733 12.8893L10.1253 14.2827L11.7333 13.372Z"
                                        fill="#333333"
                                      />
                                    </svg>
                                  </span>
                                  <span
                                    class="MuiTouchRipple-root"
                                  />
                                </button>
                              </div>
                              <fieldset
                                aria-hidden="true"
                                class="PrivateNotchedOutline-root-145 MuiOutlinedInput-notchedOutline"
                                style="padding-left: 8px;"
                              >
                                <legend
                                  class="PrivateNotchedOutline-legend-146"
                                  style="width: 0.01px;"
                                >
                                  <span>
                                    ​
                                  </span>
                                </legend>
                              </fieldset>
                            </div>
                            <div
                              aria-live="polite"
                            />
                          </div>
                        </span>
                        <div
                          class="MuiFormControl-root MuiFormControl-fullWidth"
                          data-testid="dependent-invite-email"
                        >
                          <label
                            class="MuiFormLabel-root MuiInputLabel-root MuiInputLabel-formControl MuiInputLabel-animated MuiInputLabel-outlined"
                            data-shrink="false"
                            for="input-dependentEmail"
                          >
                            Dependent email address
                          </label>
                          <div
                            class="MuiInputBase-root MuiOutlinedInput-root MuiInputBase-formControl"
                            label="Dependent email address"
                          >
                            <input
                              aria-describedby="helptext-dependentEmail"
                              aria-invalid="false"
                              class="MuiInputBase-input MuiOutlinedInput-input"
                              id="input-dependentEmail"
                              type="text"
                              value=""
                            />
                            <fieldset
                              aria-hidden="true"
                              class="PrivateNotchedOutline-root-145 MuiOutlinedInput-notchedOutline"
                              style="padding-left: 8px;"
                            >
                              <legend
                                class="PrivateNotchedOutline-legend-146"
                                style="width: 0.01px;"
                              >
                                <span>
                                  ​
                                </span>
                              </legend>
                            </fieldset>
                          </div>
                          <div
                            aria-live="polite"
                          />
                        </div>
                        <div
                          class="MuiFormControl-root MuiFormControl-fullWidth"
                          data-testid="dependent-confirm-invite-email"
                        >
                          <label
                            class="MuiFormLabel-root MuiInputLabel-root MuiInputLabel-formControl MuiInputLabel-animated MuiInputLabel-outlined"
                            data-shrink="false"
                            for="input-confirmEmail"
                          >
                            Confirm email address
                          </label>
                          <div
                            class="MuiInputBase-root MuiOutlinedInput-root MuiInputBase-formControl"
                            label="Confirm email address"
                          >
                            <input
                              aria-describedby="helptext-confirmEmail"
                              aria-invalid="false"
                              class="MuiInputBase-input MuiOutlinedInput-input"
                              id="input-confirmEmail"
                              type="text"
                              value=""
                            />
                            <fieldset
                              aria-hidden="true"
                              class="PrivateNotchedOutline-root-145 MuiOutlinedInput-notchedOutline"
                              style="padding-left: 8px;"
                            >
                              <legend
                                class="PrivateNotchedOutline-legend-146"
                                style="width: 0.01px;"
                              >
                                <span>
                                  ​
                                </span>
                              </legend>
                            </fieldset>
                          </div>
                          <div
                            aria-live="polite"
                          />
                        </div>
                      </div>
                      <div>
                        <span>
                          Button Group Component
                        </span>
                        <button
                          class="MuiButtonBase-root MuiButton-root MuiButton-contained MuiButton-containedPrimary"
                          data-testid="btn-submit-inviteDependent"
                          tabindex="0"
                          type="submit"
                        >
                          <span
                            class="MuiButton-label"
                          >
                            Send Invite
                          </span>
                          <span
                            class="MuiTouchRipple-root"
                          />
                        </button>
                      </div>
                    </form>
                  </div>
                </div>
              </div>
            </div>
          </div>
        </div>
      </div>
    </div>
  </div>
</div>
`;
