// Jest Snapshot v1, https://goo.gl/fbAQLP

exports[`Forgot Password Success Page should match snapshot 1`] = `
<div>
  <div>
    <header>
      Layout Header
    </header>
    <div>
      Forgot Password Success Component
    </div>
  </div>
</div>
`;
